// Jest Snapshot v1, https://goo.gl/fbAQLP

exports[`Teste de Snapshot Snapshot de App 1`] = `
<RNCSafeAreaProvider
  onInsetsChange={[Function]}
  style={
    Array [
      Object {
        "flex": 1,
      },
      undefined,
    ]
  }
>
  <RNSScreenStack
    style={
      Object {
        "flex": 1,
      }
    }
  >
    <RNSScreen
      collapsable={false}
      forwardedRef={[Function]}
      onAppear={[Function]}
      onDisappear={[Function]}
      onDismissed={[Function]}
      onTransitionProgress={[Function]}
      onWillDisappear={[Function]}
      replaceAnimation="push"
      stackPresentation="push"
      style={
        Object {
          "bottom": 0,
          "left": 0,
          "position": "absolute",
          "right": 0,
          "top": 0,
        }
      }
      swipeDirection="horizontal"
    >
      <RNSScreenStackHeaderConfig
        backButtonInCustomView={false}
        backgroundColor="#FA6252"
        color="#fff"
        direction="ltr"
        disableBackButtonMenu={false}
        hidden={false}
        hideBackButton={false}
        largeTitleHideShadow={false}
        title="Login"
        titleColor="#fff"
        titleFontSize={25}
        titleFontWeight="bold"
        topInsetEnabled={false}
        translucent={false}
      />
      <View
        style={
          Array [
            Object {
              "flex": 1,
            },
            Object {
              "backgroundColor": "rgb(242, 242, 242)",
            },
            undefined,
          ]
        }
      >
        <View
          style={
            Object {
              "alignItems": "center",
              "flex": 1,
              "justifyContent": "center",
            }
          }
        >
          <View
            style={
              Object {
                "alignItems": "center",
                "backgroundColor": "#fff",
                "borderRadius": 250,
                "height": 250,
                "justifyContent": "center",
                "width": 250,
              }
            }
          >
            <Image
              source={1}
              style={
                Object {
                  "borderRadius": 12,
                  "height": 160,
                  "width": 200,
                }
              }
            />
          </View>
          <Text
            style={
              Object {
                "fontSize": 16,
                "fontWeight": "bold",
                "margin": 15,
              }
            }
          >
            Bem-vindo ao FoodPet!
          </Text>
          <TextInput
            onChangeText={[Function]}
            placeholder="  Digite seu usuário"
            style={
              Object {
                "backgroundColor": "#fff",
                "borderRadius": 12,
                "fontSize": 16,
                "fontWeight": "bold",
                "marginBottom": 10,
                "padding": 10,
                "width": 320,
              }
            }
            testID="campoemail"
            type="text"
            value=""
          />
          <View
            style={
              Object {
                "alignItems": "center",
                "backgroundColor": "#fff",
                "borderRadius": 14,
                "flexDirection": "row",
                "marginBottom": 10,
                "marginLeft": "auto",
                "marginRight": "auto",
                "width": 320,
              }
            }
          >
            <TextInput
              onChangeText={[Function]}
              placeholder="  Digite sua senha"
              secureTextEntry={true}
              style={
                Object {
                  "backgroundColor": "#fff",
                  "borderRadius": 12,
                  "fontSize": 16,
                  "fontWeight": "bold",
                  "padding": 10,
                  "width": 250,
                }
              }
              testID="camposenha"
              type="text"
              value=""
            />
            <View
              accessible={true}
              collapsable={false}
              focusable={true}
              onClick={[Function]}
              onResponderGrant={[Function]}
              onResponderMove={[Function]}
              onResponderRelease={[Function]}
              onResponderTerminate={[Function]}
              onResponderTerminationRequest={[Function]}
              onStartShouldSetResponder={[Function]}
              style={
                Object {
                  "marginLeft": 15,
                  "opacity": 1,
                  "padding": 10,
                }
              }
            >
              <Text />
            </View>
          </View>
          <View
            accessible={true}
            collapsable={false}
            focusable={true}
            onClick={[Function]}
            onResponderGrant={[Function]}
            onResponderMove={[Function]}
            onResponderRelease={[Function]}
            onResponderTerminate={[Function]}
            onResponderTerminationRequest={[Function]}
            onStartShouldSetResponder={[Function]}
            style={
              Object {
                "alignItems": "center",
                "backgroundColor": "#FA6252",
                "borderRadius": 12,
                "fontSize": 18,
                "fontWeight": "bold",
                "justifyContent": "center",
                "marginBottom": 10,
                "opacity": 1,
                "padding": 10,
                "width": 320,
              }
            }
            testID="Inicial"
          >
            <Text
              style={
                Object {
                  "fontSize": 18,
                  "fontWeight": "bold",
                }
              }
            >
               Entrar 
            </Text>
          </View>
          <Text
            style={
              Object {
                "color": "#000000",
                "fontSize": 16,
                "marginTop": 20,
              }
            }
          >
            Não está cadastrado ?
            <Text
              onPress={[Function]}
              style={
                Object {
                  "color": "#0000CD",
                  "fontSize": 16,
                  "marginLeft": 10,
                }
              }
              testID="linkcadastrar"
            >
              Cadastre-se agora
            </Text>
          </Text>
          <Text
            style={
              Object {
                "color": "#000000",
                "fontSize": 16,
                "marginTop": 20,
              }
            }
          >
            Esqueceu a senha?
            <View
              accessible={true}
              collapsable={false}
              focusable={true}
              onClick={[Function]}
              onResponderGrant={[Function]}
              onResponderMove={[Function]}
              onResponderRelease={[Function]}
              onResponderTerminate={[Function]}
              onResponderTerminationRequest={[Function]}
              onStartShouldSetResponder={[Function]}
              style={
                Object {
                  "opacity": 1,
                }
              }
            >
              <Text
                style={
                  Object {
                    "color": "#0000CD",
                    "fontSize": 16,
                    "marginLeft": 10,
                  }
                }
                testID="linkredefinir"
              >
                Redefinir senha
              </Text>
            </View>
          </Text>
        </View>
      </View>
    </RNSScreen>
  </RNSScreenStack>
</RNCSafeAreaProvider>
`;
